
history: factors -- pre-2015 returns constructed from loadings

10-year horizon, 128 paths, financing 3.63% + 1.50%

                                       objective  target
                CRRA expected utility, gamma = 1  2.002x
             CRRA expected utility, gamma = 1.25  1.676x
                CRRA expected utility, gamma = 2  1.016x
max median CAGR s.t. P(drawdown < -70%) <= 33.3%  1.883x

--- band swept at the gamma = 1 target of 2.002x ---
        lower   upper  utility  median_cagr  p05_cagr  mean_leverage  trades
band
0.020  1.9623  2.0424   1.3377       0.1402   -0.0601         1.9996   392.5
0.040  1.9223  2.0825   1.3387       0.1422   -0.0609         1.9939   143.0
0.060  1.8822  2.1225   1.3377       0.1421   -0.0595         1.9877    73.0
0.080  1.8422  2.1625   1.3373       0.1408   -0.0569         1.9784    43.0
0.100  1.8021  2.2026   1.3430       0.1432   -0.0613         1.9695    28.0
0.125  1.7521  2.2527   1.3337       0.1413   -0.0518         1.9542    19.0
0.150  1.7020  2.3027   1.3312       0.1372   -0.0545         1.9383    13.0
0.200  1.6019  2.4028   1.3348       0.1416   -0.0511         1.8973     7.0
0.250  1.5018  2.5029   1.3217       0.1442   -0.0495         1.8393     4.0
0.300  1.4017  2.6031   1.3164       0.1443   -0.0575         1.8032     2.0

utility-maximising band: 10.0%

Conditional fitted optimum: 2.002x; fitted band 10.0%.
NOT A LIVE INSTRUCTION: no independent selection-adjusted validation; opening limits are not imposed in this research sweep.

The third decimal is not real. This run does not estimate a selection-adjusted
confidence interval for the optimum. Read the mean_leverage
column before preferring a wide band -- a wide band wins by holding less.
